Circuit: * C:\Users\ali\Desktop\project documents\current_sensor_conditioning.asc

Direct Newton iteration failed to find .op point.  (Use ".option noopiter" to skip.)
Starting Gmin stepping
Gmin = 10
Gmin = 1.07374
Gmin = 0.115292
Gmin = 0.0123794
Gmin = 0.00132923
Gmin = 0.000142725
Gmin = 1.5325e-05
Gmin = 1.6455e-06
vernier = 0.5
vernier = 0.25
vernier = 0.125
vernier = 0.0625
Gmin = 5.39199e-07
vernier = 0.0833333
Gmin = 4.50099e-07
vernier = 0.111111
vernier = 0.148148
Gmin = 3.35409e-07
vernier = 0.197531
vernier = 0.263374
Gmin = 2.11298e-07
vernier = 0.351165
Gmin = 1.00856e-07
vernier = 0.46822
vernier = 0.624294
Gmin = 3.08852e-08
vernier = 0.832392
vernier = 1
Gmin = 5.14365e-09
Gmin = 5.52295e-10
Gmin = 5.93023e-11
Gmin = 6.36753e-12
Gmin = 6.83709e-13
Gmin = 0
Gmin stepping succeeded in finding the operating point.


Date: Tue Jul 29 01:05:09 2025
Total elapsed time: 0.123 seconds.

tnom = 27
temp = 27
method = modified trap
totiter = 3306
traniter = 2407
tranpoints = 1101
accept = 1075
rejected = 26
matrix size = 33
fillins = 20
solver = Normal
Avg thread counts: 2.2/2.4/1.6/1.3
Matrix Compiler1: 2.93 KB object code size  0.8/0.4/[0.3]
Matrix Compiler2: off  [0.4]/0.5/0.6

